// Jest Snapshot v1, https://goo.gl/fbAQLP

exports[`Leaderboard 1`] = `
Object {
  "asFragment": [Function],
  "baseElement": <body>
    <div>
      <div>
        <div>
          <p>
            Name: 
            Sarah Edo
             Questions asked: 
            2
             Questions answered: 
            4
          </p>
          <img
            alt="User's avatar"
            src="http://localhost:3000/richarlisson.png"
          />
        </div>
        <div>
          <p>
            Name: 
            Mike Tsamis
             Questions asked: 
            2
             Questions answered: 
            3
          </p>
          <img
            alt="User's avatar"
            src="http://localhost:3000/vini.png"
          />
        </div>
        <div>
          <p>
            Name: 
            Tyler McGinnis
             Questions asked: 
            2
             Questions answered: 
            2
          </p>
          <img
            alt="User's avatar"
            src="http://localhost:3000/casemiro.png"
          />
        </div>
        <div>
          <p>
            Name: 
            Zenobia Oshikanlu
             Questions asked: 
            0
             Questions answered: 
            1
          </p>
          <img
            alt="User's avatar"
            src="http://localhost:3000/paqueta.png"
          />
        </div>
      </div>
    </div>
  </body>,
  "container": <div>
    <div>
      <div>
        <p>
          Name: 
          Sarah Edo
           Questions asked: 
          2
           Questions answered: 
          4
        </p>
        <img
          alt="User's avatar"
          src="http://localhost:3000/richarlisson.png"
        />
      </div>
      <div>
        <p>
          Name: 
          Mike Tsamis
           Questions asked: 
          2
           Questions answered: 
          3
        </p>
        <img
          alt="User's avatar"
          src="http://localhost:3000/vini.png"
        />
      </div>
      <div>
        <p>
          Name: 
          Tyler McGinnis
           Questions asked: 
          2
           Questions answered: 
          2
        </p>
        <img
          alt="User's avatar"
          src="http://localhost:3000/casemiro.png"
        />
      </div>
      <div>
        <p>
          Name: 
          Zenobia Oshikanlu
           Questions asked: 
          0
           Questions answered: 
          1
        </p>
        <img
          alt="User's avatar"
          src="http://localhost:3000/paqueta.png"
        />
      </div>
    </div>
  </div>,
  "debug": [Function],
  "findAllByAltText": [Function],
  "findAllByDisplayValue": [Function],
  "findAllByLabelText": [Function],
  "findAllByPlaceholderText": [Function],
  "findAllByRole": [Function],
  "findAllByTestId": [Function],
  "findAllByText": [Function],
  "findAllByTitle": [Function],
  "findByAltText": [Function],
  "findByDisplayValue": [Function],
  "findByLabelText": [Function],
  "findByPlaceholderText": [Function],
  "findByRole": [Function],
  "findByTestId": [Function],
  "findByText": [Function],
  "findByTitle": [Function],
  "getAllByAltText": [Function],
  "getAllByDisplayValue": [Function],
  "getAllByLabelText": [Function],
  "getAllByPlaceholderText": [Function],
  "getAllByRole": [Function],
  "getAllByTestId": [Function],
  "getAllByText": [Function],
  "getAllByTitle": [Function],
  "getByAltText": [Function],
  "getByDisplayValue": [Function],
  "getByLabelText": [Function],
  "getByPlaceholderText": [Function],
  "getByRole": [Function],
  "getByTestId": [Function],
  "getByText": [Function],
  "getByTitle": [Function],
  "queryAllByAltText": [Function],
  "queryAllByDisplayValue": [Function],
  "queryAllByLabelText": [Function],
  "queryAllByPlaceholderText": [Function],
  "queryAllByRole": [Function],
  "queryAllByTestId": [Function],
  "queryAllByText": [Function],
  "queryAllByTitle": [Function],
  "queryByAltText": [Function],
  "queryByDisplayValue": [Function],
  "queryByLabelText": [Function],
  "queryByPlaceholderText": [Function],
  "queryByRole": [Function],
  "queryByTestId": [Function],
  "queryByText": [Function],
  "queryByTitle": [Function],
  "rerender": [Function],
  "unmount": [Function],
}
`;
